[2026-06-27 21:17:53] Added student: name='Jaime C Smith', section='10A'
[2026-06-27 21:18:17] Added student: name='Elias Smith', section='10B'
[2026-06-27 21:19:20] Imported 3 students from CSV file 'students_data.csv'
[2026-06-27 21:19:43] Import mode: overwrite. Current students replaced by CSV data.
[2026-06-27 21:59:54] Program exited by user.
[2026-06-28 11:53:28] User selected menu option 'H'
[2026-06-28 11:53:55] User selected menu option '6'
[2026-06-28 11:53:55] Imported 3 students from CSV file 'students_data.csv'
[2026-06-28 11:54:28] Import mode: overwrite. Current students replaced by CSV data.
[2026-06-28 11:54:33] User selected menu option '2'
[2026-06-28 11:54:46] User selected menu option '3'
[2026-06-28 11:54:57] User selected menu option '8'
[2026-06-28 11:55:17] User selected menu option '9'
[2026-06-28 12:02:21] User selected menu option '6'
[2026-06-28 12:02:21] Imported 3 students from CSV file 'students_data.csv'
[2026-06-28 12:12:34] User selected menu option '6'
[2026-06-28 12:12:34] Imported 3 students from CSV file 'students_data.csv'
[2026-06-28 12:12:34] Import without existing students: in-memory list initialized from CSV data (3 students).
[2026-06-28 12:12:45] User selected menu option '9'
[2026-06-28 13:57:21] User selected menu option '6'
[2026-06-28 13:57:21] Imported 3 students from CSV file 'students_data.csv'
[2026-06-28 13:57:21] Import without existing students: in-memory list initialized from CSV data (3 students).
[2026-06-28 13:57:26] User selected menu option '2'
[2026-06-28 13:57:33] User selected menu option '9'
[2026-06-28 13:57:33] Program exited by user.
